// Jest Snapshot v1, https://goo.gl/fbAQLP

exports[`TextInput suite renders correctly 1`] = `
<div
  className="MuiFormControl-root MuiTextField-root WithStyles(ForwardRef(TextField))-root-3 makeStyles-margin-2"
>
  <label
    className="MuiFormLabel-root MuiInputLabel-root MuiInputLabel-formControl MuiInputLabel-animated"
    data-shrink={false}
  >
    Start typing
  </label>
  <div
    className="MuiInputBase-root MuiInput-root MuiInput-underline MuiInputBase-formControl MuiInput-formControl"
    onClick={[Function]}
  >
    <input
      aria-invalid={false}
      autoFocus={false}
      className="MuiInputBase-input MuiInput-input"
      data-testid="plain-text-input"
      disabled={false}
      onAnimationStart={[Function]}
      onBlur={[Function]}
      onChange={[Function]}
      onFocus={[Function]}
      required={false}
      type="text"
      value=""
    />
  </div>
</div>
`;
